\BOOKMARK [1][-]{section.1}{\376\377\000I\000n\000t\000r\000o\000d\000u\000c\000t\000i\000o\000n}{}% 1
\BOOKMARK [1][-]{section.2}{\376\377\000R\000e\000l\000a\000t\000e\000d\000\040\000W\000o\000r\000k}{}% 2
\BOOKMARK [1][-]{section.3}{\376\377\000M\000e\000t\000h\000o\000d\000o\000l\000o\000g\000y}{}% 3
\BOOKMARK [1][-]{section.4}{\376\377\000R\000e\000s\000u\000l\000t\000s}{}% 4
\BOOKMARK [1][-]{section.5}{\376\377\000D\000i\000s\000c\000u\000s\000s\000i\000o\000n}{}% 5
\BOOKMARK [1][-]{section.6}{\376\377\000C\000o\000n\000c\000l\000u\000s\000i\000o\000n}{}% 6
\BOOKMARK [1][-]{appendix.A}{\376\377\000A\000n\000a\000l\000y\000s\000i\000s\000\040\000A\000r\000t\000e\000f\000a\000c\000t\000s}{}% 7
\BOOKMARK [2][-]{subsection.A.1}{\376\377\000L\000i\000t\000e\000r\000a\000t\000u\000r\000e\000-\000D\000e\000r\000i\000v\000e\000d\000\040\000R\000e\000q\000u\000i\000r\000e\000m\000e\000n\000t\000s}{appendix.A}% 8
\BOOKMARK [2][-]{subsection.A.2}{\376\377\000E\000x\000p\000e\000r\000t\000\040\000I\000n\000t\000e\000r\000v\000i\000e\000w\000s}{appendix.A}% 9
\BOOKMARK [3][-]{subsubsection.A.2.1}{\376\377\000I\000n\000t\000e\000r\000v\000i\000e\000w\000\040\040\024\000\040\000T\000e\000c\000h\000n\000i\000c\000a\000l\000\040\000P\000r\000o\000d\000u\000c\000t\000\040\000M\000a\000n\000a\000g\000e\000r}{subsection.A.2}% 10
\BOOKMARK [3][-]{subsubsection.A.2.2}{\376\377\000I\000n\000t\000e\000r\000v\000i\000e\000w\000\040\040\024\000\040\000P\000r\000i\000n\000c\000i\000p\000a\000l\000\040\000A\000r\000c\000h\000i\000t\000e\000c\000t}{subsection.A.2}% 11
\BOOKMARK [3][-]{subsubsection.A.2.3}{\376\377\000I\000n\000t\000e\000r\000v\000i\000e\000w\000\040\040\024\000\040\000A\000r\000e\000a\000\040\000A\000r\000c\000h\000i\000t\000e\000c\000t}{subsection.A.2}% 12
\BOOKMARK [3][-]{subsubsection.A.2.4}{\376\377\000I\000n\000t\000e\000r\000v\000i\000e\000w\000\040\040\024\000\040\000A\000r\000e\000a\000\040\000P\000r\000o\000d\000u\000c\000t\000\040\000O\000w\000n\000e\000r}{subsection.A.2}% 13
\BOOKMARK [3][-]{subsubsection.A.2.5}{\376\377\000I\000n\000t\000e\000r\000v\000i\000e\000w\000\040\040\024\000\040\000K\000n\000o\000w\000l\000e\000d\000g\000e\000\040\000G\000r\000a\000p\000h\000\040\000E\000n\000g\000i\000n\000e\000e\000r}{subsection.A.2}% 14
\BOOKMARK [2][-]{subsection.A.3}{\376\377\000I\000n\000t\000e\000r\000v\000i\000e\000w\000\040\000C\000o\000d\000i\000n\000g\000\040\000M\000a\000t\000r\000i\000x}{appendix.A}% 15
\BOOKMARK [2][-]{subsection.A.4}{\376\377\000F\000i\000n\000a\000l\000\040\000R\000e\000q\000u\000i\000r\000e\000m\000e\000n\000t\000s\000\040\000C\000a\000t\000a\000l\000o\000g\000u\000e}{appendix.A}% 16
\BOOKMARK [1][-]{appendix.B}{\376\377\000D\000e\000s\000i\000g\000n\000\040\000A\000r\000t\000e\000f\000a\000c\000t\000s}{}% 17
\BOOKMARK [2][-]{subsection.B.1}{\376\377\000O\000p\000e\000n\000\040\000R\000e\000s\000o\000u\000r\000c\000e\000\040\000D\000i\000s\000c\000o\000v\000e\000r\000y\000\040\000a\000n\000d\000\040\000t\000h\000e\000\040\000A\000p\000e\000i\000r\000o\000\040\000S\000t\000a\000c\000k}{appendix.B}% 18
\BOOKMARK [2][-]{subsection.B.2}{\376\377\000R\000e\000p\000r\000e\000s\000e\000n\000t\000a\000t\000i\000v\000e\000\040\000S\000k\000i\000l\000l\000\040\000A\000r\000t\000e\000f\000a\000c\000t}{appendix.B}% 19
\BOOKMARK [2][-]{subsection.B.3}{\376\377\000R\000e\000t\000r\000i\000e\000v\000a\000l\000\040\000M\000e\000t\000h\000o\000d\000s}{appendix.B}% 20
\BOOKMARK [3][-]{subsubsection.B.3.1}{\376\377\000F\000r\000e\000e\000-\000t\000e\000x\000t\000\040\000B\000a\000s\000e\000l\000i\000n\000e}{subsection.B.3}% 21
\BOOKMARK [3][-]{subsubsection.B.3.2}{\376\377\000E\000m\000b\000e\000d\000d\000i\000n\000g\000\040\000C\000o\000s\000i\000n\000e}{subsection.B.3}% 22
\BOOKMARK [3][-]{subsubsection.B.3.3}{\376\377\000P\000r\000o\000g\000r\000e\000s\000s\000i\000v\000e\000\040\000D\000i\000s\000c\000l\000o\000s\000u\000r\000e}{subsection.B.3}% 23
\BOOKMARK [3][-]{subsubsection.B.3.4}{\376\377\000G\000r\000a\000p\000h\000\040\000W\000a\000l\000k}{subsection.B.3}% 24
\BOOKMARK [3][-]{subsubsection.B.3.5}{\376\377\000A\000g\000e\000n\000t\000i\000c\000\040\000T\000o\000o\000l\000s}{subsection.B.3}% 25
\BOOKMARK [3][-]{subsubsection.B.3.6}{\376\377\000A\000g\000e\000n\000t\000i\000c\000\040\000R\000a\000w}{subsection.B.3}% 26
\BOOKMARK [3][-]{subsubsection.B.3.7}{\376\377\000A\000g\000e\000n\000t\000i\000c\000\040\000H\000y\000b\000r\000i\000d}{subsection.B.3}% 27
\BOOKMARK [2][-]{subsection.B.4}{\376\377\000D\000e\000s\000i\000g\000n\000-\000T\000i\000m\000e\000\040\000D\000a\000t\000a\000\040\000F\000l\000o\000w}{appendix.B}% 28
\BOOKMARK [2][-]{subsection.B.5}{\376\377\000R\000u\000n\000t\000i\000m\000e\000\040\000D\000a\000t\000a\000\040\000F\000l\000o\000w}{appendix.B}% 29
\BOOKMARK [2][-]{subsection.B.6}{\376\377\000R\000e\000q\000u\000i\000r\000e\000m\000e\000n\000t\000s\000\040\000C\000o\000v\000e\000r\000a\000g\000e}{appendix.B}% 30
\BOOKMARK [1][-]{appendix.C}{\376\377\000R\000e\000p\000r\000e\000s\000e\000n\000t\000a\000t\000i\000v\000e\000\040\000R\000e\000t\000r\000i\000e\000v\000a\000l\000\040\000T\000r\000a\000c\000e\000s}{}% 31
\BOOKMARK [2][-]{subsection.C.1}{\376\377\000D\000e\000s\000i\000g\000n\000-\000T\000i\000m\000e\000\040\040\024\000\040\000p\000r\000o\000c\000\137\0000\0000\0002\000\137\000s\0000\0001}{appendix.C}% 32
\BOOKMARK [2][-]{subsection.C.2}{\376\377\000R\000u\000n\000t\000i\000m\000e\000\040\040\024\000\040\000S\000k\000i\000l\000l\000-\000G\000u\000i\000d\000e\000d\000\040\000r\000o\000u\000t\000i\000n\000g\000\040\000o\000n\000\040\000s\000g\000-\0000\0003}{appendix.C}% 33
\BOOKMARK [2][-]{subsection.C.3}{\376\377\000R\000u\000n\000t\000i\000m\000e\000\040\040\024\000\040\000S\000k\000i\000l\000l\000-\000a\000d\000j\000u\000s\000t\000e\000d\000\040\000o\000n\000\040\000s\000a\000-\0001\0006}{appendix.C}% 34
\BOOKMARK [2][-]{subsection.C.4}{\376\377\000R\000u\000n\000t\000i\000m\000e\000\040\040\024\000\040\000D\000y\000n\000a\000m\000i\000c\000\040\000p\000i\000p\000e\000l\000i\000n\000e\000\040\000w\000i\000t\000h\000\040\000A\000g\000e\000n\000t\000i\000c\000\040\000H\000y\000b\000r\000i\000d\000\040\000o\000n\000\040\000d\000y\000-\0002\0001}{appendix.C}% 35
\BOOKMARK [2][-]{subsection.C.5}{\376\377\000R\000u\000n\000t\000i\000m\000e\000\040\040\024\000\040\000R\000e\000f\000u\000s\000a\000l\000\040\000o\000n\000\040\000o\000o\000s\000-\0000\0001}{appendix.C}% 36
\BOOKMARK [1][-]{appendix.D}{\376\377\000D\000e\000s\000i\000g\000n\000-\000T\000i\000m\000e\000\040\000R\000e\000s\000u\000l\000t\000s}{}% 37
\BOOKMARK [1][-]{appendix.E}{\376\377\000D\000y\000n\000a\000m\000i\000c\000\040\000R\000e\000s\000u\000l\000t\000s\000:\000\040\000S\000i\000n\000g\000l\000e\000-\000\040\000v\000s\000.\000\040\000M\000u\000l\000t\000i\000-\000I\000n\000t\000e\000n\000t}{}% 38
